# serializer version: 1
# name: test_StandardSelectionTable_base
  list([
    list([
      'C2',
      'C4',
      'C5',
      'C5M',
      'C6',
      'C8',
      'N1',
      'N2',
    ]),
    list([
      'N3',
      'N4',
      'N6',
      'N7',
      'N9',
      'O2',
      'O4',
      'O6',
    ]),
  ])
# ---
# name: test_StandardSelectionTable_nucleic
  list([
    list([
      'A',
      'ADE',
      'C',
      'CYT',
      'DA',
      'DA3',
      'DA5',
      'DC',
    ]),
    list([
      'DC3',
      'DC5',
      'DG',
      'DG3',
      'DG5',
      'DT',
      'DT3',
      'DT5',
    ]),
    list([
      'G',
      'GUA',
      'RA',
      'RA3',
      'RA5',
      'RC',
      'RC3',
      'RC5',
    ]),
    list([
      'RG',
      'RG3',
      'RG5',
      'RU',
      'RU3',
      'RU5',
      'T',
      'THY',
    ]),
    list([
      'U',
      'URA',
    ]),
  ])
# ---
# name: test_StandardSelectionTable_nucleic_backbone
  list([
    list([
      "C3'",
      "C5'",
      "O3'",
      "O5'",
      'P',
    ]),
  ])
# ---
# name: test_StandardSelectionTable_nucleic_sugar
  list([
    list([
      "C1'",
      "C2'",
      "C3'",
      "C4'",
      "O4'",
    ]),
  ])
# ---
# name: test_StandardSelectionTable_protein
  list([
    list([
      'ACE',
      'ALA',
      'ALAD',
      'ARG',
      'ARGN',
      'ASF',
      'ASH',
      'ASN',
    ]),
    list([
      'ASN1',
      'ASP',
      'ASPH',
      'CALA',
      'CARG',
      'CASF',
      'CASN',
      'CASP',
    ]),
    list([
      'CCYS',
      'CCYX',
      'CGLN',
      'CGLU',
      'CGLY',
      'CHID',
      'CHIE',
      'CHIP',
    ]),
    list([
      'CILE',
      'CLEU',
      'CLYS',
      'CME',
      'CMET',
      'CPHE',
      'CPRO',
      'CSER',
    ]),
    list([
      'CTHR',
      'CTRP',
      'CTYR',
      'CVAL',
      'CYM',
      'CYS',
      'CYS1',
      'CYS2',
    ]),
    list([
      'CYSH',
      'CYX',
      'DAB',
      'GLH',
      'GLN',
      'GLU',
      'GLUH',
      'GLY',
    ]),
    list([
      'HID',
      'HIE',
      'HIP',
      'HIS',
      'HIS1',
      'HIS2',
      'HISA',
      'HISB',
    ]),
    list([
      'HISD',
      'HISE',
      'HISH',
      'HSD',
      'HSE',
      'HSP',
      'HYP',
      'ILE',
    ]),
    list([
      'LEU',
      'LYN',
      'LYS',
      'LYSH',
      'MET',
      'MSE',
      'NALA',
      'NARG',
    ]),
    list([
      'NASN',
      'NASP',
      'NCYS',
      'NCYX',
      'NGLN',
      'NGLU',
      'NGLY',
      'NHID',
    ]),
    list([
      'NHIE',
      'NHIP',
      'NILE',
      'NLEU',
      'NLYS',
      'NME',
      'NMET',
      'NPHE',
    ]),
    list([
      'NPRO',
      'NSER',
      'NTHR',
      'NTRP',
      'NTYR',
      'NVAL',
      'ORN',
      'PGLU',
    ]),
    list([
      'PHE',
      'PRO',
      'QLN',
      'SER',
      'THR',
      'TRP',
      'TYR',
      'VAL',
    ]),
  ])
# ---
# name: test_StandardSelectionTable_protein_backbone
  list([
    list([
      'C',
      'CA',
      'N',
      'O',
    ]),
  ])
# ---
